2026-07-17 23:00:56,586 INFO o.a.j.u.JMeterUtils: Setting Locale to en_EN
2026-07-17 23:00:56,638 INFO o.a.j.JMeter: Loading user properties from: D:\apache-jmeter-5.6.3\bin\user.properties
2026-07-17 23:00:56,639 INFO o.a.j.JMeter: Loading system properties from: D:\apache-jmeter-5.6.3\bin\system.properties
2026-07-17 23:00:56,639 INFO o.a.j.JMeter: Setting JMeter property: summariser.name=summary
2026-07-17 23:00:56,662 INFO o.a.j.JMeter: Copyright (c) 1998-2024 The Apache Software Foundation
2026-07-17 23:00:56,662 INFO o.a.j.JMeter: Version 5.6.3
2026-07-17 23:00:56,662 INFO o.a.j.JMeter: java.version=17.0.12
2026-07-17 23:00:56,662 INFO o.a.j.JMeter: java.vm.name=Java HotSpot(TM) 64-Bit Server VM
2026-07-17 23:00:56,662 INFO o.a.j.JMeter: os.name=Windows 11
2026-07-17 23:00:56,662 INFO o.a.j.JMeter: os.arch=amd64
2026-07-17 23:00:56,662 INFO o.a.j.JMeter: os.version=10.0
2026-07-17 23:00:56,663 INFO o.a.j.JMeter: file.encoding=Cp1252
2026-07-17 23:00:56,663 INFO o.a.j.JMeter: java.awt.headless=true
2026-07-17 23:00:56,663 INFO o.a.j.JMeter: Max memory     =1073741824
2026-07-17 23:00:56,663 INFO o.a.j.JMeter: Available Processors =8
2026-07-17 23:00:56,688 INFO o.a.j.JMeter: Default Locale=English (EN)
2026-07-17 23:00:56,689 INFO o.a.j.JMeter: JMeter  Locale=English (EN)
2026-07-17 23:00:56,689 INFO o.a.j.JMeter: JMeterHome=D:\apache-jmeter-5.6.3
2026-07-17 23:00:56,689 INFO o.a.j.JMeter: user.dir  =D:\Expleo Training\JmeterDemonstrations
2026-07-17 23:00:56,690 INFO o.a.j.JMeter: PWD       =D:\Expleo Training\JmeterDemonstrations
2026-07-17 23:00:56,704 INFO o.a.j.JMeter: IP: 172.20.10.11 Name: DESKTOP-CN5PLH3 FullName: DESKTOP-CN5PLH3
2026-07-17 23:00:56,749 INFO o.a.j.s.FileServer: Default base='D:\Expleo Training\JmeterDemonstrations'
2026-07-17 23:00:56,753 INFO o.a.j.s.FileServer: Set new base='D:\Expleo Training\JmeterDemonstrations'
2026-07-17 23:00:57,141 INFO o.a.j.s.SaveService: Testplan (JMX) version: 2.2. Testlog (JTL) version: 2.2
2026-07-17 23:00:57,203 INFO o.a.j.s.SaveService: Using SaveService properties version 5.0
2026-07-17 23:00:57,215 INFO o.a.j.s.SaveService: Using SaveService properties file encoding UTF-8
2026-07-17 23:00:57,223 INFO o.a.j.s.SaveService: Loading file: Test_Plan.jmx
2026-07-17 23:00:57,393 INFO o.a.j.p.h.s.HTTPSamplerBase: Parser for text/html is org.apache.jmeter.protocol.http.parser.LagartoBasedHtmlParser
2026-07-17 23:00:57,393 INFO o.a.j.p.h.s.HTTPSamplerBase: Parser for application/xhtml+xml is org.apache.jmeter.protocol.http.parser.LagartoBasedHtmlParser
2026-07-17 23:00:57,394 INFO o.a.j.p.h.s.HTTPSamplerBase: Parser for application/xml is org.apache.jmeter.protocol.http.parser.LagartoBasedHtmlParser
2026-07-17 23:00:57,394 INFO o.a.j.p.h.s.HTTPSamplerBase: Parser for text/xml is org.apache.jmeter.protocol.http.parser.LagartoBasedHtmlParser
2026-07-17 23:00:57,394 INFO o.a.j.p.h.s.HTTPSamplerBase: Parser for text/vnd.wap.wml is org.apache.jmeter.protocol.http.parser.RegexpHTMLParser
2026-07-17 23:00:57,394 INFO o.a.j.p.h.s.HTTPSamplerBase: Parser for text/css is org.apache.jmeter.protocol.http.parser.CssParser
2026-07-17 23:00:57,974 INFO o.a.j.e.KeyToolUtils: keytool found at 'keytool'
2026-07-17 23:00:57,975 INFO o.a.j.p.h.p.ProxyControl: HTTP(S) Test Script Recorder SSL Proxy will use keys that support embedded 3rd party resources in file D:\apache-jmeter-5.6.3\bin\proxyserver.jks
2026-07-17 23:00:58,010 INFO o.a.j.JMeter: Creating summariser <summary>
2026-07-17 23:00:58,049 INFO o.a.j.e.StandardJMeterEngine: Running the test!
2026-07-17 23:00:58,050 INFO o.a.j.s.SampleEvent: List of sample_variables: []
2026-07-17 23:00:58,050 INFO o.a.j.s.SampleEvent: List of sample_variables: []
2026-07-17 23:00:58,065 INFO o.a.j.e.u.CompoundVariable: Note: Function class names must contain the string: '.functions.'
2026-07-17 23:00:58,066 INFO o.a.j.e.u.CompoundVariable: Note: Function class names must not contain the string: '.gui.'
2026-07-17 23:00:58,916 INFO o.a.j.JMeter: Running test (1784309458916)
2026-07-17 23:00:58,963 INFO o.a.j.e.StandardJMeterEngine: Starting ThreadGroup: 1 : Scripting_ThreadGroup
2026-07-17 23:00:58,963 INFO o.a.j.e.StandardJMeterEngine: Starting 1 threads for group Scripting_ThreadGroup.
2026-07-17 23:00:58,964 INFO o.a.j.e.StandardJMeterEngine: Thread will continue on error
2026-07-17 23:00:58,964 INFO o.a.j.t.ThreadGroup: Starting thread group... number=1 threads=1 ramp-up=1 delayedStart=false
2026-07-17 23:00:58,984 INFO o.a.j.t.ThreadGroup: Started thread group number 1
2026-07-17 23:00:58,984 INFO o.a.j.e.StandardJMeterEngine: All thread groups have been started
2026-07-17 23:00:58,992 INFO o.a.j.s.SampleResult: Note: Sample TimeStamps are START times
2026-07-17 23:00:58,993 INFO o.a.j.s.SampleResult: sampleresult.default.encoding is set to UTF-8
2026-07-17 23:00:58,993 INFO o.a.j.s.SampleResult: sampleresult.useNanoTime=true
2026-07-17 23:00:58,993 INFO o.a.j.s.SampleResult: sampleresult.nanoThreadSleep=5000
2026-07-17 23:00:58,996 INFO o.a.j.t.JMeterThread: Thread started: Scripting_ThreadGroup 1-1
2026-07-17 23:00:59,044 INFO o.a.j.p.h.s.HTTPHCAbstractImpl: Local host = DESKTOP-CN5PLH3
2026-07-17 23:00:59,063 INFO o.a.j.p.h.s.HTTPHC4Impl: HTTP request retry count = 0
2026-07-17 23:00:59,582 INFO o.a.j.p.h.s.h.LazyLayeredConnectionSocketFactory: Setting up HTTPS TrustAll Socket Factory
2026-07-17 23:00:59,600 INFO o.a.j.u.JsseSSLManager: Using default SSL protocol: TLS
2026-07-17 23:00:59,600 INFO o.a.j.u.JsseSSLManager: SSL session context: per-thread
2026-07-17 23:00:59,870 INFO o.a.j.u.SSLManager: JmeterKeyStore Location:  type JKS
2026-07-17 23:00:59,879 INFO o.a.j.u.SSLManager: KeyStore created OK
2026-07-17 23:00:59,880 WARN o.a.j.u.SSLManager: Keystore file not found, loading empty keystore
2026-07-17 23:01:03,011 INFO o.a.j.e.J.JSR223 PostProcessor: Selected routes: São Paolo - New York
2026-07-17 23:01:03,032 INFO o.a.j.r.Summariser: summary +      1 in 00:00:04 =    0.2/s Avg:  1791 Min:  1791 Max:  1791 Err:     0 (0.00%) Active: 1 Started: 1 Finished: 0
2026-07-17 23:01:03,889 INFO o.a.j.e.J.JSR223 PostProcessor: Selected Flight : 12
2026-07-17 23:01:03,889 INFO o.a.j.e.J.JSR223 PostProcessor: Selected Airline: Virgin America
2026-07-17 23:01:03,890 INFO o.a.j.e.J.JSR223 PostProcessor: Selected Price  : 765.32
2026-07-17 23:01:05,106 INFO o.a.j.t.JMeterThread: Thread is done: Scripting_ThreadGroup 1-1
2026-07-17 23:01:05,106 INFO o.a.j.t.JMeterThread: Thread finished: Scripting_ThreadGroup 1-1
2026-07-17 23:01:05,110 INFO o.a.j.e.StandardJMeterEngine: Notifying test listeners of end of test
2026-07-17 23:01:05,118 INFO o.a.j.r.Summariser: summary +      3 in 00:00:02 =    1.4/s Avg:   545 Min:   427 Max:   664 Err:     0 (0.00%) Active: 0 Started: 1 Finished: 1
2026-07-17 23:01:05,119 INFO o.a.j.r.Summariser: summary =      4 in 00:00:06 =    0.6/s Avg:   857 Min:   427 Max:  1791 Err:     0 (0.00%)
